%!Adobe-FontList 1.25
%Locale:0x412

%BeginFont
Handler:DirectoryHandler
FontType:TrueType
FontName:Pretendard-Black
FamilyName:Pretendard
StyleName:Black
FullName:Pretendard Black
MenuName:Pretendard Black
StyleBits:0
FamilyNameNative:Pretendard
StyleNameNative:Black
FullNameNative:Pretendard Black
WritingScript:Korean
OutlineFileName:D:\00_작업\014_카링카(CarLinka)\소개페이지\Font\Pretendard\Pretendard-Black.ttf
DataFormat:sfntData
hasSVG:no
hasCOLR:no
VariableFontType:NonVariableFont
FileLength:2665004
FileModTime:1743664521
WeightClass:900
WidthClass:5
AngleClass:0
NameArray:0,Win,1,Pretendard Black
NameArray:0,Win,16,Pretendard
%EndFont

%BeginFont
Handler:DirectoryHandler
FontType:Invalid
OutlineFileName:D:\00_작업\014_카링카(CarLinka)\소개페이지\Font\Pretendard\Pretendard-Black.woff
FileModTime:1743664521
%EndFont

%BeginFont
Handler:DirectoryHandler
FontType:Invalid
OutlineFileName:D:\00_작업\014_카링카(CarLinka)\소개페이지\Font\Pretendard\Pretendard-Black.woff2
FileModTime:1743664521
%EndFont

%BeginFont
Handler:DirectoryHandler
FontType:TrueType
FontName:Pretendard-Bold
FamilyName:Pretendard
StyleName:Bold
FullName:Pretendard Bold
MenuName:Pretendard
StyleBits:2
FamilyNameNative:Pretendard
StyleNameNative:Bold
FullNameNative:Pretendard Bold
WritingScript:Korean
OutlineFileName:D:\00_작업\014_카링카(CarLinka)\소개페이지\Font\Pretendard\Pretendard-Bold.ttf
DataFormat:sfntData
hasSVG:no
hasCOLR:no
VariableFontType:NonVariableFont
FileLength:2661752
FileModTime:1743664521
WeightClass:700
WidthClass:5
AngleClass:0
NameArray:0,Win,1,Pretendard
NameArray:0,Win,16,Pretendard
%EndFont

%BeginFont
Handler:DirectoryHandler
FontType:Invalid
OutlineFileName:D:\00_작업\014_카링카(CarLinka)\소개페이지\Font\Pretendard\Pretendard-Bold.woff
FileModTime:1743664521
%EndFont

%BeginFont
Handler:DirectoryHandler
FontType:Invalid
OutlineFileName:D:\00_작업\014_카링카(CarLinka)\소개페이지\Font\Pretendard\Pretendard-Bold.woff2
FileModTime:1743664521
%EndFont

%BeginFont
Handler:DirectoryHandler
FontType:TrueType
FontName:Pretendard-ExtraBold
FamilyName:Pretendard
StyleName:ExtraBold
FullName:Pretendard ExtraBold
MenuName:Pretendard ExtraBold
StyleBits:0
FamilyNameNative:Pretendard
StyleNameNative:ExtraBold
FullNameNative:Pretendard ExtraBold
WritingScript:Korean
OutlineFileName:D:\00_작업\014_카링카(CarLinka)\소개페이지\Font\Pretendard\Pretendard-ExtraBold.ttf
DataFormat:sfntData
hasSVG:no
hasCOLR:no
VariableFontType:NonVariableFont
FileLength:2669648
FileModTime:1743664521
WeightClass:800
WidthClass:5
AngleClass:0
NameArray:0,Win,1,Pretendard ExtraBold
NameArray:0,Win,16,Pretendard
%EndFont

%BeginFont
Handler:DirectoryHandler
FontType:Invalid
OutlineFileName:D:\00_작업\014_카링카(CarLinka)\소개페이지\Font\Pretendard\Pretendard-ExtraBold.woff
FileModTime:1743664521
%EndFont

%BeginFont
Handler:DirectoryHandler
FontType:Invalid
OutlineFileName:D:\00_작업\014_카링카(CarLinka)\소개페이지\Font\Pretendard\Pretendard-ExtraBold.woff2
FileModTime:1743664521
%EndFont

%BeginFont
Handler:DirectoryHandler
FontType:TrueType
FontName:Pretendard-ExtraLight
FamilyName:Pretendard
StyleName:ExtraLight
FullName:Pretendard ExtraLight
MenuName:Pretendard ExtraLight
StyleBits:0
FamilyNameNative:Pretendard
StyleNameNative:ExtraLight
FullNameNative:Pretendard ExtraLight
WritingScript:Korean
OutlineFileName:D:\00_작업\014_카링카(CarLinka)\소개페이지\Font\Pretendard\Pretendard-ExtraLight.ttf
DataFormat:sfntData
hasSVG:no
hasCOLR:no
VariableFontType:NonVariableFont
FileLength:2838808
FileModTime:1743664521
WeightClass:200
WidthClass:5
AngleClass:0
NameArray:0,Win,1,Pretendard ExtraLight
NameArray:0,Win,16,Pretendard
%EndFont

%BeginFont
Handler:DirectoryHandler
FontType:Invalid
OutlineFileName:D:\00_작업\014_카링카(CarLinka)\소개페이지\Font\Pretendard\Pretendard-ExtraLight.woff
FileModTime:1743664521
%EndFont

%BeginFont
Handler:DirectoryHandler
FontType:Invalid
OutlineFileName:D:\00_작업\014_카링카(CarLinka)\소개페이지\Font\Pretendard\Pretendard-ExtraLight.woff2
FileModTime:1743664521
%EndFont

%BeginFont
Handler:DirectoryHandler
FontType:TrueType
FontName:Pretendard-Light
FamilyName:Pretendard
StyleName:Light
FullName:Pretendard Light
MenuName:Pretendard Light
StyleBits:0
FamilyNameNative:Pretendard
StyleNameNative:Light
FullNameNative:Pretendard Light
WritingScript:Korean
OutlineFileName:D:\00_작업\014_카링카(CarLinka)\소개페이지\Font\Pretendard\Pretendard-Light.ttf
DataFormat:sfntData
hasSVG:no
hasCOLR:no
VariableFontType:NonVariableFont
FileLength:2813692
FileModTime:1743664521
WeightClass:300
WidthClass:5
AngleClass:0
NameArray:0,Win,1,Pretendard Light
NameArray:0,Win,16,Pretendard
%EndFont

%BeginFont
Handler:DirectoryHandler
FontType:Invalid
OutlineFileName:D:\00_작업\014_카링카(CarLinka)\소개페이지\Font\Pretendard\Pretendard-Light.woff
FileModTime:1743664521
%EndFont

%BeginFont
Handler:DirectoryHandler
FontType:Invalid
OutlineFileName:D:\00_작업\014_카링카(CarLinka)\소개페이지\Font\Pretendard\Pretendard-Light.woff2
FileModTime:1743664521
%EndFont

%BeginFont
Handler:DirectoryHandler
FontType:TrueType
FontName:Pretendard-Medium
FamilyName:Pretendard
StyleName:Medium
FullName:Pretendard Medium
MenuName:Pretendard Medium
StyleBits:0
FamilyNameNative:Pretendard
StyleNameNative:Medium
FullNameNative:Pretendard Medium
WritingScript:Korean
OutlineFileName:D:\00_작업\014_카링카(CarLinka)\소개페이지\Font\Pretendard\Pretendard-Medium.ttf
DataFormat:sfntData
hasSVG:no
hasCOLR:no
VariableFontType:NonVariableFont
FileLength:2701192
FileModTime:1743664521
WeightClass:500
WidthClass:5
AngleClass:0
NameArray:0,Win,1,Pretendard Medium
NameArray:0,Win,16,Pretendard
%EndFont

%BeginFont
Handler:DirectoryHandler
FontType:Invalid
OutlineFileName:D:\00_작업\014_카링카(CarLinka)\소개페이지\Font\Pretendard\Pretendard-Medium.woff
FileModTime:1743664521
%EndFont

%BeginFont
Handler:DirectoryHandler
FontType:Invalid
OutlineFileName:D:\00_작업\014_카링카(CarLinka)\소개페이지\Font\Pretendard\Pretendard-Medium.woff2
FileModTime:1743664521
%EndFont

%BeginFont
Handler:DirectoryHandler
FontType:TrueType
FontName:Pretendard-Regular
FamilyName:Pretendard
StyleName:Regular
FullName:Pretendard Regular
MenuName:Pretendard
StyleBits:0
FamilyNameNative:Pretendard
StyleNameNative:Regular
FullNameNative:Pretendard Regular
WritingScript:Korean
OutlineFileName:D:\00_작업\014_카링카(CarLinka)\소개페이지\Font\Pretendard\Pretendard-Regular.ttf
DataFormat:sfntData
hasSVG:no
hasCOLR:no
VariableFontType:NonVariableFont
FileLength:2725828
FileModTime:1743664521
WeightClass:400
WidthClass:5
AngleClass:0
NameArray:0,Win,1,Pretendard
NameArray:0,Win,16,Pretendard
%EndFont

%BeginFont
Handler:DirectoryHandler
FontType:Invalid
OutlineFileName:D:\00_작업\014_카링카(CarLinka)\소개페이지\Font\Pretendard\Pretendard-Regular.woff
FileModTime:1743664521
%EndFont

%BeginFont
Handler:DirectoryHandler
FontType:Invalid
OutlineFileName:D:\00_작업\014_카링카(CarLinka)\소개페이지\Font\Pretendard\Pretendard-Regular.woff2
FileModTime:1743664521
%EndFont

%BeginFont
Handler:DirectoryHandler
FontType:TrueType
FontName:Pretendard-SemiBold
FamilyName:Pretendard
StyleName:SemiBold
FullName:Pretendard SemiBold
MenuName:Pretendard SemiBold
StyleBits:0
FamilyNameNative:Pretendard
StyleNameNative:SemiBold
FullNameNative:Pretendard SemiBold
WritingScript:Korean
OutlineFileName:D:\00_작업\014_카링카(CarLinka)\소개페이지\Font\Pretendard\Pretendard-SemiBold.ttf
DataFormat:sfntData
hasSVG:no
hasCOLR:no
VariableFontType:NonVariableFont
FileLength:2671468
FileModTime:1743664521
WeightClass:600
WidthClass:5
AngleClass:0
NameArray:0,Win,1,Pretendard SemiBold
NameArray:0,Win,16,Pretendard
%EndFont

%BeginFont
Handler:DirectoryHandler
FontType:Invalid
OutlineFileName:D:\00_작업\014_카링카(CarLinka)\소개페이지\Font\Pretendard\Pretendard-SemiBold.woff
FileModTime:1743664521
%EndFont

%BeginFont
Handler:DirectoryHandler
FontType:Invalid
OutlineFileName:D:\00_작업\014_카링카(CarLinka)\소개페이지\Font\Pretendard\Pretendard-SemiBold.woff2
FileModTime:1743664521
%EndFont

%BeginFont
Handler:DirectoryHandler
FontType:TrueType
FontName:Pretendard-Thin
FamilyName:Pretendard
StyleName:Thin
FullName:Pretendard Thin
MenuName:Pretendard Thin
StyleBits:0
FamilyNameNative:Pretendard
StyleNameNative:Thin
FullNameNative:Pretendard Thin
WritingScript:Korean
OutlineFileName:D:\00_작업\014_카링카(CarLinka)\소개페이지\Font\Pretendard\Pretendard-Thin.ttf
DataFormat:sfntData
hasSVG:no
hasCOLR:no
VariableFontType:NonVariableFont
FileLength:2868924
FileModTime:1743664521
WeightClass:100
WidthClass:5
AngleClass:0
NameArray:0,Win,1,Pretendard Thin
NameArray:0,Win,16,Pretendard
%EndFont

%BeginFont
Handler:DirectoryHandler
FontType:Invalid
OutlineFileName:D:\00_작업\014_카링카(CarLinka)\소개페이지\Font\Pretendard\Pretendard-Thin.woff
FileModTime:1743664521
%EndFont

%BeginFont
Handler:DirectoryHandler
FontType:Invalid
OutlineFileName:D:\00_작업\014_카링카(CarLinka)\소개페이지\Font\Pretendard\Pretendard-Thin.woff2
FileModTime:1743664521
%EndFont

